// Jest Snapshot v1, https://goo.gl/fbAQLP

exports[`<Main /> should render the heading 1`] = `
<main
  class="styles__Wrapper-sc-nvr379-0 iAIOrA"
>
  <img
    alt="Imagem de um átomo e React Avançado escrito ao lado."
    class="styles__Logo-sc-nvr379-1 jODjxH"
    src="/img/logo.svg"
  />
  <h1
    class="styles__Title-sc-nvr379-2 jumbYB"
  >
    React Avançado
  </h1>
  <h2
    class="styles__Description-sc-nvr379-3 hOdoVy"
  >
    TypeScript, ReactJS, NextJS e Styled Components
  </h2>
  <img
    alt="Um desenvolvedor de frente para uma tela com código."
    class="styles__Illustration-sc-nvr379-4 jnLiUD"
    src="/img/hero-illustration.svg"
  />
</main>
`
